0001   0000             .model small
pila.asm line 0001: unrecognized directive.            (.MODEL)
0002   0000             
0003   0000             .stack 100h
pila.asm line 0003: unrecognized directive.            (.STACK)
0004   0000             
0005   0000             .data
pila.asm line 0005: unrecognized directive.            (.DATA)
0006   0000             
0007   0000             .code
pila.asm line 0007: unrecognized directive.            (.CODE)
0008   0000             main proc
pila.asm line 0008: Label not found: (main)
pila.asm line 0008: label value misalligned.           (main)
pila.asm line 0008: unrecognized instruction.          (main)
0009   0000                 ; Meter valores en la pila
0010   0000                 mov bx, 4C00h
pila.asm line 0010: unrecognized instruction.          (MOV)
0011   0000                 push bx
pila.asm line 0011: unrecognized instruction.          (PUSH)
0012   0000             
0013   0000                 mov bx, 23o
pila.asm line 0013: unrecognized instruction.          (MOV)
0014   0000                 push bx
pila.asm line 0014: unrecognized instruction.          (PUSH)
0015   0000                 
0016   0000                 mov bx, 10h
pila.asm line 0016: unrecognized instruction.          (MOV)
0017   0000                 push bx
pila.asm line 0017: unrecognized instruction.          (PUSH)
0018   0000             
0019   0000                 mov bx, 200o
pila.asm line 0019: unrecognized instruction.          (MOV)
0020   0000                 push bx
pila.asm line 0020: unrecognized instruction.          (PUSH)
0021   0000             
0022   0000                 ; En este caso, si trato de meter directamente el valor a la pila,
0023   0000                 ; obtenemos un error.
0024   0000                 ; Una solucion temporal a esto es iniciar un registro con el valor
0025   0000                 ; que deseamos meter en la pila, y el valor de ese registro lo 
0026   0000                 ; ingresamos a la pila
0027   0000             
0028   0000                 pop ax      ; Sacamos el 0x80
pila.asm line 0028: unrecognized instruction.          (POP)
0029   0000                 pop ax      ; Sacamos el 0x10
pila.asm line 0029: unrecognized instruction.          (POP)
0030   0000                 pop ax      ; Sacamos el 0x13
pila.asm line 0030: unrecognized instruction.          (POP)
0031   0000             
0032   0000                 ; Terminar el programa
0033   0000                 pop ax      ; Finalmente, sacamos el valor 0x4c00 para finalizar el programa
pila.asm line 0033: unrecognized instruction.          (POP)
0034   0000                 int 21h
pila.asm line 0034: unrecognized instruction.          (INT)
0035   0000             
0036   0000             end mainpila.asm line 0036: Label not found: (end)
pila.asm line 0036: label value misalligned.           (end)
pila.asm line 0036: unrecognized instruction.          (end)
tasm: line 0036 No END directive before EOF.       
tasm: Number of errors = 24
